VisTouch anomaly screen & repair log
run: 2026-07-30T23:15:21
samples: 2000 (tactile CSV + audio WAV each, regenerated verbatim from raw recordings first)
tactile rule: |residual vs 11-pt rolling median| > 50% of file dynamic range (p99-p1) AND > 50 raw sensor units
audio rule:   |residual vs 7-pt rolling median| > 15.0 robust sigma AND > 10.0x file RMS AND > 25% full scale
------------------------------------------------------------------------
VisTouch_linen_f9_r1_v1_seg04 [tactile]: 2 ADC glitch point(s) replaced (max residual 723.6)
VisTouch_linen_f9_r1_v1_wins13 [tactile]: 2 ADC glitch point(s) replaced (max residual 795.6)
VisTouch_linen_f9_r1_v1_wins14 [tactile]: 1 ADC glitch point(s) replaced (max residual 1339.9)
VisTouch_linen_f9_r1_v1_wins18 [tactile]: 1 ADC glitch point(s) replaced (max residual 161.3)
VisTouch_linen_f9_r1_v1_winm09 [tactile]: 2 ADC glitch point(s) replaced (max residual 710.5)
VisTouch_linen_f9_r1_v1_winm10 [tactile]: 1 ADC glitch point(s) replaced (max residual 1196.3)
VisTouch_linen_f9_r1_v1_winm12 [tactile]: 1 ADC glitch point(s) replaced (max residual 149.6)
VisTouch_linen_f9_r1_v1_winl06 [tactile]: 2 ADC glitch point(s) replaced (max residual 795.6)
VisTouch_linen_f9_r1_v1_winl07 [tactile]: 2 ADC glitch point(s) replaced (max residual 795.6)
VisTouch_paper_f6_r1_v1_seg02 [tactile]: 1 ADC glitch point(s) replaced (max residual 1420.6)
VisTouch_paper_f6_r1_v1_seg05 [tactile]: 1 ADC glitch point(s) replaced (max residual 1552.8)
VisTouch_paper_f6_r1_v1_wins03 [tactile]: 1 ADC glitch point(s) replaced (max residual 140.4)
VisTouch_paper_f6_r1_v1_wins04 [tactile]: 1 ADC glitch point(s) replaced (max residual 1308.0)
VisTouch_paper_f6_r1_v1_wins05 [tactile]: 2 ADC glitch point(s) replaced (max residual 887.4)
VisTouch_paper_f6_r1_v1_wins16 [tactile]: 1 ADC glitch point(s) replaced (max residual 1261.7)
VisTouch_paper_f6_r1_v1_wins17 [tactile]: 1 ADC glitch point(s) replaced (max residual 1142.4)
VisTouch_paper_f6_r1_v1_winm03 [tactile]: 2 ADC glitch point(s) replaced (max residual 1458.5)
VisTouch_paper_f6_r1_v1_winm04 [tactile]: 1 ADC glitch point(s) replaced (max residual 1505.5)
VisTouch_paper_f6_r1_v1_winm11 [tactile]: 1 ADC glitch point(s) replaced (max residual 1143.7)
VisTouch_paper_f6_r1_v1_winl01 [tactile]: 1 ADC glitch point(s) replaced (max residual 140.4)
VisTouch_paper_f6_r1_v1_winl02 [tactile]: 3 ADC glitch point(s) replaced (max residual 887.4)
VisTouch_paper_f6_r1_v1_winl03 [tactile]: 2 ADC glitch point(s) replaced (max residual 887.4)
VisTouch_paper_f6_r1_v1_winl08 [tactile]: 1 ADC glitch point(s) replaced (max residual 1142.4)
VisTouch_polyester_f3_r1_v1_seg01 [tactile]: 4 ADC glitch point(s) replaced (max residual 1405.7)
VisTouch_polyester_f3_r1_v1_wins02 [tactile]: 4 ADC glitch point(s) replaced (max residual 1540.7)
VisTouch_polyester_f3_r1_v1_wins03 [tactile]: 4 ADC glitch point(s) replaced (max residual 1213.8)
VisTouch_polyester_f3_r1_v1_wins04 [tactile]: 1 ADC glitch point(s) replaced (max residual 119.2)
VisTouch_polyester_f3_r1_v1_winm01 [tactile]: 4 ADC glitch point(s) replaced (max residual 1350.0)
VisTouch_polyester_f3_r1_v1_winm02 [tactile]: 4 ADC glitch point(s) replaced (max residual 1643.3)
VisTouch_polyester_f3_r1_v1_winm03 [tactile]: 1 ADC glitch point(s) replaced (max residual 137.2)
VisTouch_polyester_f3_r1_v1_winl01 [tactile]: 4 ADC glitch point(s) replaced (max residual 1213.8)
VisTouch_polyester_f3_r1_v1_winl02 [tactile]: 4 ADC glitch point(s) replaced (max residual 1213.8)
VisTouch_polyester_f9_r1_v1_seg01 [tactile]: 1 ADC glitch point(s) replaced (max residual 134.5)
VisTouch_polyester_f9_r1_v1_seg05 [tactile]: 1 ADC glitch point(s) replaced (max residual 106.8)
VisTouch_polyester_f9_r1_v1_wins03 [tactile]: 1 ADC glitch point(s) replaced (max residual 149.6)
VisTouch_polyester_f9_r1_v1_wins04 [tactile]: 1 ADC glitch point(s) replaced (max residual 141.7)
VisTouch_polyester_f9_r1_v1_wins16 [tactile]: 1 ADC glitch point(s) replaced (max residual 126.5)
VisTouch_polyester_f9_r1_v1_winm02 [tactile]: 1 ADC glitch point(s) replaced (max residual 114.1)
VisTouch_polyester_f9_r1_v1_winm03 [tactile]: 1 ADC glitch point(s) replaced (max residual 114.8)
VisTouch_polyester_f9_r1_v1_winm10 [tactile]: 1 ADC glitch point(s) replaced (max residual 129.5)
VisTouch_polyester_f9_r1_v1_winl01 [tactile]: 1 ADC glitch point(s) replaced (max residual 149.6)
VisTouch_polyester_f9_r1_v1_winl02 [tactile]: 1 ADC glitch point(s) replaced (max residual 149.6)
VisTouch_silk_f3_r1_v1_seg01 [tactile]: 1 ADC glitch point(s) replaced (max residual 77.6)
VisTouch_silk_f3_r1_v1_wins01 [tactile]: 5 ADC glitch point(s) replaced (max residual 1660.0)
VisTouch_silk_f3_r1_v1_wins02 [tactile]: 4 ADC glitch point(s) replaced (max residual 1351.1)
VisTouch_silk_f3_r1_v1_wins03 [tactile]: 1 ADC glitch point(s) replaced (max residual 98.7)
VisTouch_silk_f3_r1_v1_wins04 [tactile]: 1 ADC glitch point(s) replaced (max residual 105.4)
VisTouch_silk_f3_r1_v1_winm01 [tactile]: 5 ADC glitch point(s) replaced (max residual 1164.1)
VisTouch_silk_f3_r1_v1_winm02 [tactile]: 4 ADC glitch point(s) replaced (max residual 1754.9)
VisTouch_silk_f3_r1_v1_winm03 [tactile]: 1 ADC glitch point(s) replaced (max residual 112.7)
VisTouch_silk_f3_r1_v1_winl01 [tactile]: 6 ADC glitch point(s) replaced (max residual 1660.0)
VisTouch_silk_f3_r1_v1_winl02 [tactile]: 1 ADC glitch point(s) replaced (max residual 98.7)
VisTouch_silk_f6_r1_v1_seg02 [tactile]: 2 ADC glitch point(s) replaced (max residual 925.4)
VisTouch_silk_f6_r1_v1_seg03 [tactile]: 2 ADC glitch point(s) replaced (max residual 716.4)
VisTouch_silk_f6_r1_v1_seg04 [tactile]: 1 ADC glitch point(s) replaced (max residual 104.8)
VisTouch_silk_f6_r1_v1_wins05 [tactile]: 2 ADC glitch point(s) replaced (max residual 1071.0)
VisTouch_silk_f6_r1_v1_wins06 [tactile]: 2 ADC glitch point(s) replaced (max residual 1075.2)
VisTouch_silk_f6_r1_v1_wins10 [tactile]: 2 ADC glitch point(s) replaced (max residual 626.3)
VisTouch_silk_f6_r1_v1_wins11 [tactile]: 1 ADC glitch point(s) replaced (max residual 1785.0)
VisTouch_silk_f6_r1_v1_wins12 [tactile]: 1 ADC glitch point(s) replaced (max residual 152.3)
VisTouch_silk_f6_r1_v1_wins13 [tactile]: 1 ADC glitch point(s) replaced (max residual 192.0)
VisTouch_silk_f6_r1_v1_wins16 [tactile]: 2 ADC glitch point(s) replaced (max residual 795.6)
VisTouch_silk_f6_r1_v1_wins17 [tactile]: 2 ADC glitch point(s) replaced (max residual 795.6)
VisTouch_silk_f6_r1_v1_winm03 [tactile]: 2 ADC glitch point(s) replaced (max residual 850.3)
VisTouch_silk_f6_r1_v1_winm04 [tactile]: 1 ADC glitch point(s) replaced (max residual 1412.2)
VisTouch_silk_f6_r1_v1_winm06 [tactile]: 2 ADC glitch point(s) replaced (max residual 787.6)
VisTouch_silk_f6_r1_v1_winm07 [tactile]: 1 ADC glitch point(s) replaced (max residual 1362.4)
VisTouch_silk_f6_r1_v1_winm08 [tactile]: 1 ADC glitch point(s) replaced (max residual 177.5)
VisTouch_silk_f6_r1_v1_winm09 [tactile]: 1 ADC glitch point(s) replaced (max residual 112.1)
VisTouch_silk_f6_r1_v1_winm11 [tactile]: 1 ADC glitch point(s) replaced (max residual 1395.9)
VisTouch_silk_f6_r1_v1_winl02 [tactile]: 2 ADC glitch point(s) replaced (max residual 1071.0)
VisTouch_silk_f6_r1_v1_winl03 [tactile]: 2 ADC glitch point(s) replaced (max residual 1071.0)
VisTouch_silk_f6_r1_v1_winl05 [tactile]: 1 ADC glitch point(s) replaced (max residual 1785.0)
VisTouch_silk_f6_r1_v1_winl06 [tactile]: 2 ADC glitch point(s) replaced (max residual 1785.0)
VisTouch_silk_f6_r1_v1_winl07 [tactile]: 1 ADC glitch point(s) replaced (max residual 192.0)
VisTouch_silk_f6_r1_v1_winl08 [tactile]: 2 ADC glitch point(s) replaced (max residual 795.6)
VisTouch_spandex_f6_r1_v1_seg04 [tactile]: 1 ADC glitch point(s) replaced (max residual 1270.3)
VisTouch_spandex_f6_r1_v1_seg05 [audio]: 1 electrical pop sample(s) interpolated (7 incl. margins)
VisTouch_spandex_f6_r1_v1_wins13 [tactile]: 1 ADC glitch point(s) replaced (max residual 1428.0)
VisTouch_spandex_f6_r1_v1_wins14 [tactile]: 1 ADC glitch point(s) replaced (max residual 1473.6)
VisTouch_spandex_f6_r1_v1_wins15 [audio]: 1 electrical pop sample(s) interpolated (7 incl. margins)
VisTouch_spandex_f6_r1_v1_wins16 [audio]: 1 electrical pop sample(s) interpolated (7 incl. margins)
VisTouch_spandex_f6_r1_v1_winm08 [tactile]: 1 ADC glitch point(s) replaced (max residual 1164.1)
VisTouch_spandex_f6_r1_v1_winm09 [tactile]: 2 ADC glitch point(s) replaced (max residual 831.9)
VisTouch_spandex_f6_r1_v1_winm10 [audio]: 1 electrical pop sample(s) interpolated (7 incl. margins)
VisTouch_spandex_f6_r1_v1_winm11 [audio]: 1 electrical pop sample(s) interpolated (7 incl. margins)
VisTouch_spandex_f6_r1_v1_winl06 [tactile]: 1 ADC glitch point(s) replaced (max residual 1428.0)
VisTouch_spandex_f6_r1_v1_winl07 [tactile]: 1 ADC glitch point(s) replaced (max residual 1428.0)
VisTouch_spandex_f6_r1_v1_winl07 [audio]: 1 electrical pop sample(s) interpolated (7 incl. margins)
VisTouch_spandex_f6_r1_v1_winl08 [audio]: 1 electrical pop sample(s) interpolated (7 incl. margins)
VisTouch_spandex_f9_r1_v1_seg01 [tactile]: 2 ADC glitch point(s) replaced (max residual 1389.1)
VisTouch_spandex_f9_r1_v1_seg02 [tactile]: 1 ADC glitch point(s) replaced (max residual 107.0)
VisTouch_spandex_f9_r1_v1_wins03 [tactile]: 2 ADC glitch point(s) replaced (max residual 1713.6)
VisTouch_spandex_f9_r1_v1_wins04 [tactile]: 3 ADC glitch point(s) replaced (max residual 1993.1)
VisTouch_spandex_f9_r1_v1_wins06 [tactile]: 1 ADC glitch point(s) replaced (max residual 146.5)
VisTouch_spandex_f9_r1_v1_wins07 [tactile]: 1 ADC glitch point(s) replaced (max residual 152.4)
VisTouch_spandex_f9_r1_v1_winm02 [tactile]: 2 ADC glitch point(s) replaced (max residual 1842.1)
VisTouch_spandex_f9_r1_v1_winm03 [tactile]: 2 ADC glitch point(s) replaced (max residual 1863.1)
VisTouch_spandex_f9_r1_v1_winm04 [tactile]: 1 ADC glitch point(s) replaced (max residual 192.6)
VisTouch_spandex_f9_r1_v1_winm05 [tactile]: 1 ADC glitch point(s) replaced (max residual 121.4)
VisTouch_spandex_f9_r1_v1_winl01 [tactile]: 2 ADC glitch point(s) replaced (max residual 1713.6)
VisTouch_spandex_f9_r1_v1_winl02 [tactile]: 2 ADC glitch point(s) replaced (max residual 1713.6)
VisTouch_spandex_f9_r1_v1_winl03 [tactile]: 1 ADC glitch point(s) replaced (max residual 152.4)
VisTouch_spandex_f9_r1_v1_winl04 [tactile]: 1 ADC glitch point(s) replaced (max residual 152.4)
VisTouch_stone_f3_r1_v1_seg02 [tactile]: 4 ADC glitch point(s) replaced (max residual 1031.0)
VisTouch_stone_f3_r1_v1_seg04 [tactile]: 1 ADC glitch point(s) replaced (max residual 972.5)
VisTouch_stone_f3_r1_v1_wins05 [tactile]: 2 ADC glitch point(s) replaced (max residual 1438.2)
VisTouch_stone_f3_r1_v1_wins06 [tactile]: 3 ADC glitch point(s) replaced (max residual 1396.2)
VisTouch_stone_f3_r1_v1_wins10 [tactile]: 1 ADC glitch point(s) replaced (max residual 1162.9)
VisTouch_stone_f3_r1_v1_wins11 [tactile]: 2 ADC glitch point(s) replaced (max residual 673.2)
VisTouch_stone_f3_r1_v1_winm03 [tactile]: 4 ADC glitch point(s) replaced (max residual 1117.0)
VisTouch_stone_f3_r1_v1_winm04 [tactile]: 2 ADC glitch point(s) replaced (max residual 1520.6)
VisTouch_stone_f3_r1_v1_winm07 [tactile]: 2 ADC glitch point(s) replaced (max residual 504.8)
VisTouch_stone_f3_r1_v1_winm08 [tactile]: 1 ADC glitch point(s) replaced (max residual 1063.2)
VisTouch_stone_f3_r1_v1_winl02 [tactile]: 2 ADC glitch point(s) replaced (max residual 1438.2)
VisTouch_stone_f3_r1_v1_winl03 [tactile]: 2 ADC glitch point(s) replaced (max residual 1438.2)
VisTouch_stone_f3_r1_v1_winl05 [tactile]: 2 ADC glitch point(s) replaced (max residual 673.2)
VisTouch_stone_f3_r1_v1_winl06 [tactile]: 2 ADC glitch point(s) replaced (max residual 673.2)
VisTouch_stone_f6_r1_v1_seg01 [tactile]: 1 ADC glitch point(s) replaced (max residual 1717.4)
VisTouch_stone_f6_r1_v1_seg02 [tactile]: 2 ADC glitch point(s) replaced (max residual 1302.9)
VisTouch_stone_f6_r1_v1_wins01 [tactile]: 1 ADC glitch point(s) replaced (max residual 138.4)
VisTouch_stone_f6_r1_v1_wins04 [tactile]: 2 ADC glitch point(s) replaced (max residual 838.2)
VisTouch_stone_f6_r1_v1_wins05 [tactile]: 3 ADC glitch point(s) replaced (max residual 1612.9)
VisTouch_stone_f6_r1_v1_wins06 [tactile]: 2 ADC glitch point(s) replaced (max residual 1115.4)
VisTouch_stone_f6_r1_v1_winm01 [tactile]: 1 ADC glitch point(s) replaced (max residual 142.4)
VisTouch_stone_f6_r1_v1_winm02 [tactile]: 2 ADC glitch point(s) replaced (max residual 1358.7)
VisTouch_stone_f6_r1_v1_winm03 [tactile]: 3 ADC glitch point(s) replaced (max residual 1744.1)
VisTouch_stone_f6_r1_v1_winm04 [tactile]: 2 ADC glitch point(s) replaced (max residual 907.3)
VisTouch_stone_f6_r1_v1_winl01 [tactile]: 1 ADC glitch point(s) replaced (max residual 130.3)
VisTouch_stone_f6_r1_v1_winl02 [tactile]: 4 ADC glitch point(s) replaced (max residual 1107.7)
VisTouch_stone_f6_r1_v1_winl03 [tactile]: 3 ADC glitch point(s) replaced (max residual 1715.0)
VisTouch_stone_f9_r1_v1_seg01 [tactile]: 7 ADC glitch point(s) replaced (max residual 6284.9)
VisTouch_stone_f9_r1_v1_seg05 [tactile]: 2 ADC glitch point(s) replaced (max residual 703.5)
VisTouch_stone_f9_r1_v1_wins01 [tactile]: 2 ADC glitch point(s) replaced (max residual 999.6)
VisTouch_stone_f9_r1_v1_wins02 [tactile]: 3 ADC glitch point(s) replaced (max residual 4121.1)
VisTouch_stone_f9_r1_v1_wins03 [tactile]: 2 ADC glitch point(s) replaced (max residual 8149.8)
VisTouch_stone_f9_r1_v1_wins04 [tactile]: 3 ADC glitch point(s) replaced (max residual 1725.8)
VisTouch_stone_f9_r1_v1_wins05 [tactile]: 4 ADC glitch point(s) replaced (max residual 963.9)
VisTouch_stone_f9_r1_v1_wins13 [tactile]: 2 ADC glitch point(s) replaced (max residual 856.8)
VisTouch_stone_f9_r1_v1_wins14 [tactile]: 2 ADC glitch point(s) replaced (max residual 856.8)
VisTouch_stone_f9_r1_v1_wins17 [audio]: 1 electrical pop sample(s) interpolated (7 incl. margins)
VisTouch_stone_f9_r1_v1_winm01 [tactile]: 4 ADC glitch point(s) replaced (max residual 5277.4)
VisTouch_stone_f9_r1_v1_winm02 [tactile]: 7 ADC glitch point(s) replaced (max residual 4020.0)
VisTouch_stone_f9_r1_v1_winm03 [tactile]: 4 ADC glitch point(s) replaced (max residual 1484.5)
VisTouch_stone_f9_r1_v1_winm04 [tactile]: 1 ADC glitch point(s) replaced (max residual 1524.5)
VisTouch_stone_f9_r1_v1_winm09 [tactile]: 1 ADC glitch point(s) replaced (max residual 1118.0)
VisTouch_stone_f9_r1_v1_winm10 [tactile]: 1 ADC glitch point(s) replaced (max residual 1237.1)
VisTouch_stone_f9_r1_v1_winm11 [audio]: 1 electrical pop sample(s) interpolated (7 incl. margins)
VisTouch_stone_f9_r1_v1_winl01 [tactile]: 4 ADC glitch point(s) replaced (max residual 8149.8)
VisTouch_stone_f9_r1_v1_winl02 [tactile]: 6 ADC glitch point(s) replaced (max residual 8149.8)
VisTouch_stone_f9_r1_v1_winl03 [tactile]: 4 ADC glitch point(s) replaced (max residual 963.9)
VisTouch_stone_f9_r1_v1_winl06 [tactile]: 2 ADC glitch point(s) replaced (max residual 856.8)
VisTouch_stone_f9_r1_v1_winl07 [tactile]: 2 ADC glitch point(s) replaced (max residual 856.8)
VisTouch_stone_f9_r1_v1_winl08 [audio]: 1 electrical pop sample(s) interpolated (7 incl. margins)
VisTouch_wood_f3_r1_v1_seg04 [tactile]: 1 ADC glitch point(s) replaced (max residual 4999.5)
VisTouch_wood_f3_r1_v1_seg05 [tactile]: 2 ADC glitch point(s) replaced (max residual 835.6)
VisTouch_wood_f3_r1_v1_wins01 [tactile]: 1 ADC glitch point(s) replaced (max residual 979.2)
VisTouch_wood_f3_r1_v1_wins02 [tactile]: 2 ADC glitch point(s) replaced (max residual 453.6)
VisTouch_wood_f3_r1_v1_wins12 [tactile]: 1 ADC glitch point(s) replaced (max residual 4245.7)
VisTouch_wood_f3_r1_v1_wins13 [tactile]: 2 ADC glitch point(s) replaced (max residual 2978.1)
VisTouch_wood_f3_r1_v1_wins14 [tactile]: 2 ADC glitch point(s) replaced (max residual 753.1)
VisTouch_wood_f3_r1_v1_wins15 [tactile]: 1 ADC glitch point(s) replaced (max residual 956.3)
VisTouch_wood_f3_r1_v1_winm01 [tactile]: 1 ADC glitch point(s) replaced (max residual 849.3)
VisTouch_wood_f3_r1_v1_winm02 [tactile]: 2 ADC glitch point(s) replaced (max residual 649.8)
VisTouch_wood_f3_r1_v1_winm08 [tactile]: 2 ADC glitch point(s) replaced (max residual 3250.8)
VisTouch_wood_f3_r1_v1_winm09 [tactile]: 2 ADC glitch point(s) replaced (max residual 5847.8)
VisTouch_wood_f3_r1_v1_winm10 [tactile]: 2 ADC glitch point(s) replaced (max residual 650.9)
VisTouch_wood_f3_r1_v1_winl01 [tactile]: 1 ADC glitch point(s) replaced (max residual 979.2)
VisTouch_wood_f3_r1_v1_winl06 [tactile]: 2 ADC glitch point(s) replaced (max residual 2978.1)
VisTouch_wood_f3_r1_v1_winl07 [tactile]: 3 ADC glitch point(s) replaced (max residual 2978.1)
VisTouch_wood_f3_r1_v1_winl08 [tactile]: 1 ADC glitch point(s) replaced (max residual 956.3)
VisTouch_wood_f6_r1_v1_seg01 [tactile]: 4 ADC glitch point(s) replaced (max residual 1188.3)
VisTouch_wood_f6_r1_v1_seg04 [tactile]: 1 ADC glitch point(s) replaced (max residual 1217.7)
VisTouch_wood_f6_r1_v1_wins04 [tactile]: 4 ADC glitch point(s) replaced (max residual 1133.8)
VisTouch_wood_f6_r1_v1_wins05 [tactile]: 4 ADC glitch point(s) replaced (max residual 1356.6)
VisTouch_wood_f6_r1_v1_wins11 [tactile]: 1 ADC glitch point(s) replaced (max residual 1428.0)
VisTouch_wood_f6_r1_v1_wins12 [tactile]: 1 ADC glitch point(s) replaced (max residual 1404.1)
VisTouch_wood_f6_r1_v1_winm03 [tactile]: 4 ADC glitch point(s) replaced (max residual 1517.1)
VisTouch_wood_f6_r1_v1_winm04 [tactile]: 4 ADC glitch point(s) replaced (max residual 1216.0)
VisTouch_wood_f6_r1_v1_winm07 [tactile]: 2 ADC glitch point(s) replaced (max residual 881.1)
VisTouch_wood_f6_r1_v1_winm08 [tactile]: 1 ADC glitch point(s) replaced (max residual 992.3)
VisTouch_wood_f6_r1_v1_winl02 [tactile]: 4 ADC glitch point(s) replaced (max residual 1356.6)
VisTouch_wood_f6_r1_v1_winl03 [tactile]: 4 ADC glitch point(s) replaced (max residual 1356.6)
VisTouch_wood_f6_r1_v1_winl05 [tactile]: 1 ADC glitch point(s) replaced (max residual 1428.0)
VisTouch_wood_f6_r1_v1_winl06 [tactile]: 1 ADC glitch point(s) replaced (max residual 1428.0)
VisTouch_wood_f9_r1_v1_seg01 [tactile]: 4 ADC glitch point(s) replaced (max residual 1073.6)
VisTouch_wood_f9_r1_v1_seg02 [tactile]: 2 ADC glitch point(s) replaced (max residual 461.4)
VisTouch_wood_f9_r1_v1_seg04 [tactile]: 2 ADC glitch point(s) replaced (max residual 560.8)
VisTouch_wood_f9_r1_v1_wins02 [tactile]: 1 ADC glitch point(s) replaced (max residual 1202.7)
VisTouch_wood_f9_r1_v1_wins03 [tactile]: 2 ADC glitch point(s) replaced (max residual 918.0)
VisTouch_wood_f9_r1_v1_wins04 [tactile]: 1 ADC glitch point(s) replaced (max residual 1746.0)
VisTouch_wood_f9_r1_v1_wins05 [tactile]: 3 ADC glitch point(s) replaced (max residual 785.4)
VisTouch_wood_f9_r1_v1_wins06 [tactile]: 1 ADC glitch point(s) replaced (max residual 1105.0)
VisTouch_wood_f9_r1_v1_wins07 [tactile]: 2 ADC glitch point(s) replaced (max residual 581.4)
VisTouch_wood_f9_r1_v1_wins10 [tactile]: 2 ADC glitch point(s) replaced (max residual 809.6)
VisTouch_wood_f9_r1_v1_wins11 [tactile]: 2 ADC glitch point(s) replaced (max residual 612.0)
VisTouch_wood_f9_r1_v1_winm01 [tactile]: 2 ADC glitch point(s) replaced (max residual 701.9)
VisTouch_wood_f9_r1_v1_winm02 [tactile]: 3 ADC glitch point(s) replaced (max residual 1496.1)
VisTouch_wood_f9_r1_v1_winm03 [tactile]: 1 ADC glitch point(s) replaced (max residual 1558.0)
VisTouch_wood_f9_r1_v1_winm04 [tactile]: 1 ADC glitch point(s) replaced (max residual 812.1)
VisTouch_wood_f9_r1_v1_winm05 [tactile]: 1 ADC glitch point(s) replaced (max residual 875.5)
VisTouch_wood_f9_r1_v1_winm07 [tactile]: 2 ADC glitch point(s) replaced (max residual 703.4)
VisTouch_wood_f9_r1_v1_winm08 [tactile]: 1 ADC glitch point(s) replaced (max residual 906.4)
VisTouch_wood_f9_r1_v1_winl01 [tactile]: 2 ADC glitch point(s) replaced (max residual 918.0)
VisTouch_wood_f9_r1_v1_winl02 [tactile]: 4 ADC glitch point(s) replaced (max residual 918.0)
VisTouch_wood_f9_r1_v1_winl03 [tactile]: 4 ADC glitch point(s) replaced (max residual 785.4)
VisTouch_wood_f9_r1_v1_winl04 [tactile]: 2 ADC glitch point(s) replaced (max residual 581.4)
VisTouch_wood_f9_r1_v1_winl05 [tactile]: 2 ADC glitch point(s) replaced (max residual 612.0)
VisTouch_wood_f9_r1_v1_winl06 [tactile]: 2 ADC glitch point(s) replaced (max residual 612.0)
VisTouch_linen_f9_r1_v1_winsb13 [tactile]: 2 ADC glitch point(s) replaced (max residual 944.4)
VisTouch_linen_f9_r1_v1_winsb14 [tactile]: 1 ADC glitch point(s) replaced (max residual 1309.4)
VisTouch_linen_f9_r1_v1_winmb08 [tactile]: 2 ADC glitch point(s) replaced (max residual 765.3)
VisTouch_linen_f9_r1_v1_winmb09 [tactile]: 1 ADC glitch point(s) replaced (max residual 1370.7)
VisTouch_linen_f9_r1_v1_winmb10 [tactile]: 2 ADC glitch point(s) replaced (max residual 795.8)
VisTouch_linen_f9_r1_v1_winlb06 [tactile]: 1 ADC glitch point(s) replaced (max residual 1379.6)
VisTouch_linen_f9_r1_v1_winlb07 [tactile]: 2 ADC glitch point(s) replaced (max residual 601.2)
VisTouch_linen_f9_r1_v1_winlb08 [tactile]: 1 ADC glitch point(s) replaced (max residual 147.7)
VisTouch_linen_f9_r1_v1_wine11 [tactile]: 1 ADC glitch point(s) replaced (max residual 1179.4)
VisTouch_linen_f9_r1_v1_wine12 [tactile]: 2 ADC glitch point(s) replaced (max residual 783.2)
VisTouch_paper_f6_r1_v1_winsb02 [tactile]: 1 ADC glitch point(s) replaced (max residual 137.4)
VisTouch_paper_f6_r1_v1_winsb04 [tactile]: 1 ADC glitch point(s) replaced (max residual 1409.0)
VisTouch_paper_f6_r1_v1_winsb05 [tactile]: 1 ADC glitch point(s) replaced (max residual 1439.5)
VisTouch_paper_f6_r1_v1_winsb15 [tactile]: 2 ADC glitch point(s) replaced (max residual 605.4)
VisTouch_paper_f6_r1_v1_winsb16 [tactile]: 2 ADC glitch point(s) replaced (max residual 1002.0)
VisTouch_paper_f6_r1_v1_winmb01 [tactile]: 1 ADC glitch point(s) replaced (max residual 137.5)
VisTouch_paper_f6_r1_v1_winmb02 [tactile]: 1 ADC glitch point(s) replaced (max residual 1289.5)
VisTouch_paper_f6_r1_v1_winmb03 [tactile]: 2 ADC glitch point(s) replaced (max residual 808.3)
VisTouch_paper_f6_r1_v1_winmb10 [tactile]: 1 ADC glitch point(s) replaced (max residual 1647.0)
VisTouch_paper_f6_r1_v1_winlb01 [tactile]: 2 ADC glitch point(s) replaced (max residual 1389.1)
VisTouch_paper_f6_r1_v1_winlb02 [tactile]: 2 ADC glitch point(s) replaced (max residual 1005.8)
VisTouch_paper_f6_r1_v1_winlb07 [tactile]: 1 ADC glitch point(s) replaced (max residual 1376.5)
VisTouch_paper_f6_r1_v1_wine02 [tactile]: 1 ADC glitch point(s) replaced (max residual 134.0)
VisTouch_paper_f6_r1_v1_wine03 [tactile]: 1 ADC glitch point(s) replaced (max residual 148.3)
VisTouch_paper_f6_r1_v1_wine04 [tactile]: 1 ADC glitch point(s) replaced (max residual 1434.7)
VisTouch_paper_f6_r1_v1_wine05 [tactile]: 2 ADC glitch point(s) replaced (max residual 711.6)
VisTouch_paper_f6_r1_v1_wine13 [tactile]: 2 ADC glitch point(s) replaced (max residual 744.7)
VisTouch_polyester_f3_r1_v1_winsb01 [tactile]: 2 ADC glitch point(s) replaced (max residual 1481.1)
VisTouch_polyester_f3_r1_v1_winsb02 [tactile]: 4 ADC glitch point(s) replaced (max residual 1537.4)
VisTouch_polyester_f3_r1_v1_winsb04 [tactile]: 1 ADC glitch point(s) replaced (max residual 154.2)
VisTouch_polyester_f3_r1_v1_winmb02 [tactile]: 3 ADC glitch point(s) replaced (max residual 944.6)
VisTouch_polyester_f3_r1_v1_winmb03 [tactile]: 1 ADC glitch point(s) replaced (max residual 146.9)
VisTouch_polyester_f3_r1_v1_winlb01 [tactile]: 5 ADC glitch point(s) replaced (max residual 1380.3)
VisTouch_polyester_f3_r1_v1_winlb02 [tactile]: 1 ADC glitch point(s) replaced (max residual 91.5)
VisTouch_polyester_f3_r1_v1_wine01 [tactile]: 2 ADC glitch point(s) replaced (max residual 943.7)
VisTouch_polyester_f3_r1_v1_wine02 [tactile]: 3 ADC glitch point(s) replaced (max residual 1730.8)
VisTouch_polyester_f3_r1_v1_wine03 [tactile]: 5 ADC glitch point(s) replaced (max residual 1606.6)
VisTouch_polyester_f3_r1_v1_wine04 [tactile]: 1 ADC glitch point(s) replaced (max residual 137.0)
VisTouch_polyester_f9_r1_v1_winsb02 [tactile]: 1 ADC glitch point(s) replaced (max residual 143.7)
VisTouch_polyester_f9_r1_v1_winsb15 [tactile]: 1 ADC glitch point(s) replaced (max residual 126.5)
VisTouch_polyester_f9_r1_v1_winmb01 [tactile]: 1 ADC glitch point(s) replaced (max residual 109.8)
VisTouch_polyester_f9_r1_v1_winmb10 [tactile]: 1 ADC glitch point(s) replaced (max residual 127.1)
VisTouch_polyester_f9_r1_v1_winlb01 [tactile]: 1 ADC glitch point(s) replaced (max residual 118.6)
VisTouch_polyester_f9_r1_v1_winlb02 [tactile]: 1 ADC glitch point(s) replaced (max residual 138.2)
VisTouch_polyester_f9_r1_v1_wine02 [tactile]: 1 ADC glitch point(s) replaced (max residual 115.0)
VisTouch_polyester_f9_r1_v1_wine03 [tactile]: 1 ADC glitch point(s) replaced (max residual 113.9)
VisTouch_silk_f3_r1_v1_winsb01 [tactile]: 5 ADC glitch point(s) replaced (max residual 1695.7)
VisTouch_silk_f3_r1_v1_winsb02 [tactile]: 4 ADC glitch point(s) replaced (max residual 1177.5)
VisTouch_silk_f3_r1_v1_winmb01 [tactile]: 6 ADC glitch point(s) replaced (max residual 1705.9)
VisTouch_silk_f3_r1_v1_winmb02 [tactile]: 1 ADC glitch point(s) replaced (max residual 103.4)
VisTouch_silk_f3_r1_v1_winlb01 [tactile]: 5 ADC glitch point(s) replaced (max residual 1656.5)
VisTouch_silk_f3_r1_v1_wine01 [tactile]: 5 ADC glitch point(s) replaced (max residual 1660.0)
VisTouch_silk_f3_r1_v1_wine02 [tactile]: 5 ADC glitch point(s) replaced (max residual 1321.1)
VisTouch_silk_f3_r1_v1_wine03 [tactile]: 1 ADC glitch point(s) replaced (max residual 123.6)
VisTouch_silk_f6_r1_v1_winsb04 [tactile]: 2 ADC glitch point(s) replaced (max residual 1250.2)
VisTouch_silk_f6_r1_v1_winsb05 [tactile]: 2 ADC glitch point(s) replaced (max residual 786.7)
VisTouch_silk_f6_r1_v1_winsb09 [tactile]: 2 ADC glitch point(s) replaced (max residual 552.8)
VisTouch_silk_f6_r1_v1_winsb10 [tactile]: 2 ADC glitch point(s) replaced (max residual 752.8)
VisTouch_silk_f6_r1_v1_winsb11 [tactile]: 1 ADC glitch point(s) replaced (max residual 166.1)
VisTouch_silk_f6_r1_v1_winsb12 [tactile]: 1 ADC glitch point(s) replaced (max residual 101.6)
VisTouch_silk_f6_r1_v1_winsb16 [tactile]: 1 ADC glitch point(s) replaced (max residual 1057.0)
VisTouch_silk_f6_r1_v1_winmb03 [tactile]: 1 ADC glitch point(s) replaced (max residual 1476.0)
VisTouch_silk_f6_r1_v1_winmb06 [tactile]: 1 ADC glitch point(s) replaced (max residual 1727.3)
VisTouch_silk_f6_r1_v1_winmb07 [tactile]: 2 ADC glitch point(s) replaced (max residual 802.2)
VisTouch_silk_f6_r1_v1_winmb08 [tactile]: 1 ADC glitch point(s) replaced (max residual 130.6)
VisTouch_silk_f6_r1_v1_winmb10 [tactile]: 1 ADC glitch point(s) replaced (max residual 1145.0)
VisTouch_silk_f6_r1_v1_winlb01 [tactile]: 1 ADC glitch point(s) replaced (max residual 1530.0)
VisTouch_silk_f6_r1_v1_winlb02 [tactile]: 2 ADC glitch point(s) replaced (max residual 907.6)
VisTouch_silk_f6_r1_v1_winlb03 [tactile]: 2 ADC glitch point(s) replaced (max residual 1096.1)
VisTouch_silk_f6_r1_v1_winlb04 [tactile]: 1 ADC glitch point(s) replaced (max residual 1450.5)
VisTouch_silk_f6_r1_v1_winlb05 [tactile]: 2 ADC glitch point(s) replaced (max residual 772.6)
VisTouch_silk_f6_r1_v1_winlb06 [tactile]: 1 ADC glitch point(s) replaced (max residual 141.5)
VisTouch_silk_f6_r1_v1_winlb07 [tactile]: 2 ADC glitch point(s) replaced (max residual 821.5)
VisTouch_silk_f6_r1_v1_wine04 [tactile]: 1 ADC glitch point(s) replaced (max residual 1401.4)
VisTouch_silk_f6_r1_v1_wine05 [tactile]: 2 ADC glitch point(s) replaced (max residual 1260.9)
VisTouch_silk_f6_r1_v1_wine08 [tactile]: 1 ADC glitch point(s) replaced (max residual 1739.8)
VisTouch_silk_f6_r1_v1_wine09 [tactile]: 1 ADC glitch point(s) replaced (max residual 1348.8)
VisTouch_silk_f6_r1_v1_wine10 [tactile]: 1 ADC glitch point(s) replaced (max residual 140.4)
VisTouch_silk_f6_r1_v1_wine13 [tactile]: 1 ADC glitch point(s) replaced (max residual 894.4)
VisTouch_spandex_f6_r1_v1_winsb12 [tactile]: 2 ADC glitch point(s) replaced (max residual 1021.6)
VisTouch_spandex_f6_r1_v1_winsb14 [audio]: 1 electrical pop sample(s) interpolated (7 incl. margins)
VisTouch_spandex_f6_r1_v1_winsb15 [audio]: 1 electrical pop sample(s) interpolated (7 incl. margins)
VisTouch_spandex_f6_r1_v1_winmb08 [tactile]: 2 ADC glitch point(s) replaced (max residual 879.4)
VisTouch_spandex_f6_r1_v1_winmb09 [tactile]: 2 ADC glitch point(s) replaced (max residual 662.3)
VisTouch_spandex_f6_r1_v1_winmb09 [audio]: 1 electrical pop sample(s) interpolated (7 incl. margins)
VisTouch_spandex_f6_r1_v1_winmb10 [audio]: 1 electrical pop sample(s) interpolated (7 incl. margins)
VisTouch_spandex_f6_r1_v1_winlb06 [tactile]: 2 ADC glitch point(s) replaced (max residual 865.3)
VisTouch_spandex_f6_r1_v1_winlb07 [tactile]: 1 ADC glitch point(s) replaced (max residual 1380.1)
VisTouch_spandex_f6_r1_v1_winlb07 [audio]: 1 electrical pop sample(s) interpolated (7 incl. margins)
VisTouch_spandex_f6_r1_v1_wine10 [tactile]: 1 ADC glitch point(s) replaced (max residual 1282.6)
VisTouch_spandex_f6_r1_v1_wine12 [audio]: 1 electrical pop sample(s) interpolated (7 incl. margins)
VisTouch_spandex_f6_r1_v1_wine13 [audio]: 1 electrical pop sample(s) interpolated (7 incl. margins)
VisTouch_spandex_f9_r1_v1_winsb03 [tactile]: 2 ADC glitch point(s) replaced (max residual 1936.9)
VisTouch_spandex_f9_r1_v1_winsb04 [tactile]: 2 ADC glitch point(s) replaced (max residual 1868.4)
VisTouch_spandex_f9_r1_v1_winsb06 [tactile]: 1 ADC glitch point(s) replaced (max residual 167.7)
VisTouch_spandex_f9_r1_v1_winmb02 [tactile]: 2 ADC glitch point(s) replaced (max residual 1622.9)
VisTouch_spandex_f9_r1_v1_winmb03 [tactile]: 1 ADC glitch point(s) replaced (max residual 141.2)
VisTouch_spandex_f9_r1_v1_winmb04 [tactile]: 1 ADC glitch point(s) replaced (max residual 200.4)
VisTouch_spandex_f9_r1_v1_winlb01 [tactile]: 2 ADC glitch point(s) replaced (max residual 1416.9)
VisTouch_spandex_f9_r1_v1_winlb03 [tactile]: 1 ADC glitch point(s) replaced (max residual 144.2)
VisTouch_spandex_f9_r1_v1_wine03 [tactile]: 2 ADC glitch point(s) replaced (max residual 1126.5)
VisTouch_spandex_f9_r1_v1_wine06 [tactile]: 1 ADC glitch point(s) replaced (max residual 189.4)
VisTouch_stone_f3_r1_v1_winsb04 [tactile]: 4 ADC glitch point(s) replaced (max residual 1279.7)
VisTouch_stone_f3_r1_v1_winsb05 [tactile]: 4 ADC glitch point(s) replaced (max residual 1317.9)
VisTouch_stone_f3_r1_v1_winsb10 [tactile]: 2 ADC glitch point(s) replaced (max residual 872.4)
VisTouch_stone_f3_r1_v1_winsb11 [tactile]: 1 ADC glitch point(s) replaced (max residual 1394.7)
VisTouch_stone_f3_r1_v1_winmb03 [tactile]: 4 ADC glitch point(s) replaced (max residual 1311.3)
VisTouch_stone_f3_r1_v1_winmb06 [tactile]: 1 ADC glitch point(s) replaced (max residual 1437.5)
VisTouch_stone_f3_r1_v1_winmb07 [tactile]: 2 ADC glitch point(s) replaced (max residual 817.8)
VisTouch_stone_f3_r1_v1_winlb02 [tactile]: 4 ADC glitch point(s) replaced (max residual 1029.8)
VisTouch_stone_f3_r1_v1_winlb03 [tactile]: 4 ADC glitch point(s) replaced (max residual 858.2)
VisTouch_stone_f3_r1_v1_winlb04 [tactile]: 2 ADC glitch point(s) replaced (max residual 521.9)
VisTouch_stone_f3_r1_v1_winlb05 [tactile]: 2 ADC glitch point(s) replaced (max residual 853.1)
VisTouch_stone_f3_r1_v1_wine04 [tactile]: 4 ADC glitch point(s) replaced (max residual 854.7)
VisTouch_stone_f3_r1_v1_wine05 [tactile]: 3 ADC glitch point(s) replaced (max residual 1363.2)
VisTouch_stone_f3_r1_v1_wine08 [tactile]: 2 ADC glitch point(s) replaced (max residual 607.1)
VisTouch_stone_f3_r1_v1_wine09 [tactile]: 1 ADC glitch point(s) replaced (max residual 1007.0)
VisTouch_stone_f6_r1_v1_winsb01 [tactile]: 1 ADC glitch point(s) replaced (max residual 165.9)
VisTouch_stone_f6_r1_v1_winsb03 [tactile]: 2 ADC glitch point(s) replaced (max residual 1078.9)
VisTouch_stone_f6_r1_v1_winsb04 [tactile]: 3 ADC glitch point(s) replaced (max residual 1516.6)
VisTouch_stone_f6_r1_v1_winsb05 [tactile]: 2 ADC glitch point(s) replaced (max residual 860.7)
VisTouch_stone_f6_r1_v1_winsb06 [tactile]: 2 ADC glitch point(s) replaced (max residual 1119.6)
VisTouch_stone_f6_r1_v1_winmb03 [tactile]: 5 ADC glitch point(s) replaced (max residual 1497.7)
VisTouch_stone_f6_r1_v1_winmb04 [tactile]: 2 ADC glitch point(s) replaced (max residual 1419.8)
VisTouch_stone_f6_r1_v1_winlb01 [tactile]: 1 ADC glitch point(s) replaced (max residual 1726.4)
VisTouch_stone_f6_r1_v1_winlb02 [tactile]: 3 ADC glitch point(s) replaced (max residual 1565.0)
VisTouch_stone_f6_r1_v1_winlb03 [tactile]: 2 ADC glitch point(s) replaced (max residual 909.0)
VisTouch_stone_f6_r1_v1_wine03 [tactile]: 2 ADC glitch point(s) replaced (max residual 999.6)
VisTouch_stone_f6_r1_v1_wine04 [tactile]: 4 ADC glitch point(s) replaced (max residual 1099.5)
VisTouch_stone_f6_r1_v1_wine05 [tactile]: 2 ADC glitch point(s) replaced (max residual 863.2)
VisTouch_stone_f9_r1_v1_winsb01 [tactile]: 2 ADC glitch point(s) replaced (max residual 869.8)
VisTouch_stone_f9_r1_v1_winsb02 [tactile]: 5 ADC glitch point(s) replaced (max residual 3753.0)
VisTouch_stone_f9_r1_v1_winsb03 [tactile]: 7 ADC glitch point(s) replaced (max residual 5062.4)
VisTouch_stone_f9_r1_v1_winsb04 [tactile]: 4 ADC glitch point(s) replaced (max residual 1308.3)
VisTouch_stone_f9_r1_v1_winsb05 [tactile]: 2 ADC glitch point(s) replaced (max residual 1250.7)
VisTouch_stone_f9_r1_v1_winsb13 [tactile]: 1 ADC glitch point(s) replaced (max residual 1521.7)
VisTouch_stone_f9_r1_v1_winsb14 [tactile]: 1 ADC glitch point(s) replaced (max residual 1421.6)
VisTouch_stone_f9_r1_v1_winsb16 [audio]: 1 electrical pop sample(s) interpolated (7 incl. margins)
VisTouch_stone_f9_r1_v1_winmb01 [tactile]: 4 ADC glitch point(s) replaced (max residual 8212.9)
VisTouch_stone_f9_r1_v1_winmb02 [tactile]: 6 ADC glitch point(s) replaced (max residual 3821.2)
VisTouch_stone_f9_r1_v1_winmb03 [tactile]: 4 ADC glitch point(s) replaced (max residual 1276.4)
VisTouch_stone_f9_r1_v1_winmb08 [tactile]: 1 ADC glitch point(s) replaced (max residual 1411.9)
VisTouch_stone_f9_r1_v1_winmb09 [tactile]: 1 ADC glitch point(s) replaced (max residual 915.7)
VisTouch_stone_f9_r1_v1_winmb10 [tactile]: 2 ADC glitch point(s) replaced (max residual 503.1)
VisTouch_stone_f9_r1_v1_winlb01 [tactile]: 8 ADC glitch point(s) replaced (max residual 5517.8)
VisTouch_stone_f9_r1_v1_winlb02 [tactile]: 3 ADC glitch point(s) replaced (max residual 1737.9)
VisTouch_stone_f9_r1_v1_winlb06 [tactile]: 2 ADC glitch point(s) replaced (max residual 504.4)
VisTouch_stone_f9_r1_v1_winlb07 [tactile]: 2 ADC glitch point(s) replaced (max residual 681.9)
VisTouch_stone_f9_r1_v1_wine01 [tactile]: 1 ADC glitch point(s) replaced (max residual 1620.2)
VisTouch_stone_f9_r1_v1_wine02 [tactile]: 4 ADC glitch point(s) replaced (max residual 5431.4)
VisTouch_stone_f9_r1_v1_wine03 [tactile]: 5 ADC glitch point(s) replaced (max residual 4539.0)
VisTouch_stone_f9_r1_v1_wine11 [tactile]: 2 ADC glitch point(s) replaced (max residual 648.8)
VisTouch_stone_f9_r1_v1_wine12 [tactile]: 1 ADC glitch point(s) replaced (max residual 973.0)
VisTouch_wood_f3_r1_v1_winsb01 [tactile]: 1 ADC glitch point(s) replaced (max residual 898.6)
VisTouch_wood_f3_r1_v1_winsb12 [tactile]: 1 ADC glitch point(s) replaced (max residual 5561.8)
VisTouch_wood_f3_r1_v1_winsb13 [tactile]: 2 ADC glitch point(s) replaced (max residual 4982.3)
VisTouch_wood_f3_r1_v1_winsb14 [tactile]: 2 ADC glitch point(s) replaced (max residual 726.3)
VisTouch_wood_f3_r1_v1_winmb01 [tactile]: 1 ADC glitch point(s) replaced (max residual 846.8)
VisTouch_wood_f3_r1_v1_winmb08 [tactile]: 2 ADC glitch point(s) replaced (max residual 3281.9)
VisTouch_wood_f3_r1_v1_winmb09 [tactile]: 3 ADC glitch point(s) replaced (max residual 5675.4)
VisTouch_wood_f3_r1_v1_winmb10 [tactile]: 1 ADC glitch point(s) replaced (max residual 1052.3)
VisTouch_wood_f3_r1_v1_winlb01 [tactile]: 2 ADC glitch point(s) replaced (max residual 722.2)
VisTouch_wood_f3_r1_v1_winlb06 [tactile]: 2 ADC glitch point(s) replaced (max residual 5062.5)
VisTouch_wood_f3_r1_v1_winlb07 [tactile]: 3 ADC glitch point(s) replaced (max residual 4129.9)
VisTouch_wood_f3_r1_v1_wine01 [tactile]: 1 ADC glitch point(s) replaced (max residual 979.2)
VisTouch_wood_f3_r1_v1_wine02 [tactile]: 2 ADC glitch point(s) replaced (max residual 819.0)
VisTouch_wood_f3_r1_v1_wine10 [tactile]: 1 ADC glitch point(s) replaced (max residual 5716.6)
VisTouch_wood_f3_r1_v1_wine11 [tactile]: 3 ADC glitch point(s) replaced (max residual 2519.0)
VisTouch_wood_f3_r1_v1_wine12 [tactile]: 1 ADC glitch point(s) replaced (max residual 1108.1)
VisTouch_wood_f6_r1_v1_winsb04 [tactile]: 4 ADC glitch point(s) replaced (max residual 1525.2)
VisTouch_wood_f6_r1_v1_winsb05 [tactile]: 1 ADC glitch point(s) replaced (max residual 1568.0)
VisTouch_wood_f6_r1_v1_winsb11 [tactile]: 1 ADC glitch point(s) replaced (max residual 1219.7)
VisTouch_wood_f6_r1_v1_winmb02 [tactile]: 4 ADC glitch point(s) replaced (max residual 1060.0)
VisTouch_wood_f6_r1_v1_winmb03 [tactile]: 4 ADC glitch point(s) replaced (max residual 1347.1)
VisTouch_wood_f6_r1_v1_winmb06 [tactile]: 1 ADC glitch point(s) replaced (max residual 1079.1)
VisTouch_wood_f6_r1_v1_winmb07 [tactile]: 2 ADC glitch point(s) replaced (max residual 646.7)
VisTouch_wood_f6_r1_v1_winmb08 [tactile]: 2 ADC glitch point(s) replaced (max residual 725.3)
VisTouch_wood_f6_r1_v1_winlb01 [tactile]: 4 ADC glitch point(s) replaced (max residual 1320.2)
VisTouch_wood_f6_r1_v1_winlb02 [tactile]: 4 ADC glitch point(s) replaced (max residual 1399.2)
VisTouch_wood_f6_r1_v1_winlb04 [tactile]: 1 ADC glitch point(s) replaced (max residual 1114.4)
VisTouch_wood_f6_r1_v1_wine03 [tactile]: 4 ADC glitch point(s) replaced (max residual 1322.8)
VisTouch_wood_f6_r1_v1_wine04 [tactile]: 4 ADC glitch point(s) replaced (max residual 1500.2)
VisTouch_wood_f6_r1_v1_wine08 [tactile]: 1 ADC glitch point(s) replaced (max residual 1410.1)
VisTouch_wood_f6_r1_v1_wine09 [tactile]: 1 ADC glitch point(s) replaced (max residual 1345.8)
VisTouch_wood_f6_r1_v1_wine10 [tactile]: 2 ADC glitch point(s) replaced (max residual 712.7)
VisTouch_wood_f9_r1_v1_winsb01 [tactile]: 2 ADC glitch point(s) replaced (max residual 638.7)
VisTouch_wood_f9_r1_v1_winsb02 [tactile]: 2 ADC glitch point(s) replaced (max residual 1033.6)
VisTouch_wood_f9_r1_v1_winsb03 [tactile]: 2 ADC glitch point(s) replaced (max residual 1185.5)
VisTouch_wood_f9_r1_v1_winsb04 [tactile]: 2 ADC glitch point(s) replaced (max residual 1281.2)
VisTouch_wood_f9_r1_v1_winsb06 [tactile]: 1 ADC glitch point(s) replaced (max residual 1475.5)
VisTouch_wood_f9_r1_v1_winsb10 [tactile]: 2 ADC glitch point(s) replaced (max residual 584.3)
VisTouch_wood_f9_r1_v1_winsb11 [tactile]: 2 ADC glitch point(s) replaced (max residual 919.3)
VisTouch_wood_f9_r1_v1_winmb01 [tactile]: 1 ADC glitch point(s) replaced (max residual 1419.9)
VisTouch_wood_f9_r1_v1_winmb02 [tactile]: 2 ADC glitch point(s) replaced (max residual 861.7)
VisTouch_wood_f9_r1_v1_winmb03 [tactile]: 3 ADC glitch point(s) replaced (max residual 1318.7)
VisTouch_wood_f9_r1_v1_winmb05 [tactile]: 1 ADC glitch point(s) replaced (max residual 1010.6)
VisTouch_wood_f9_r1_v1_winmb06 [tactile]: 1 ADC glitch point(s) replaced (max residual 1258.0)
VisTouch_wood_f9_r1_v1_winmb07 [tactile]: 2 ADC glitch point(s) replaced (max residual 850.7)
VisTouch_wood_f9_r1_v1_winmb08 [tactile]: 1 ADC glitch point(s) replaced (max residual 136.4)
VisTouch_wood_f9_r1_v1_winlb01 [tactile]: 4 ADC glitch point(s) replaced (max residual 929.9)
VisTouch_wood_f9_r1_v1_winlb02 [tactile]: 3 ADC glitch point(s) replaced (max residual 1522.5)
VisTouch_wood_f9_r1_v1_winlb03 [tactile]: 1 ADC glitch point(s) replaced (max residual 1278.5)
VisTouch_wood_f9_r1_v1_winlb04 [tactile]: 1 ADC glitch point(s) replaced (max residual 967.5)
VisTouch_wood_f9_r1_v1_winlb05 [tactile]: 1 ADC glitch point(s) replaced (max residual 989.4)
VisTouch_wood_f9_r1_v1_winlb06 [tactile]: 1 ADC glitch point(s) replaced (max residual 161.6)
VisTouch_wood_f9_r1_v1_wine01 [tactile]: 2 ADC glitch point(s) replaced (max residual 1087.8)
VisTouch_wood_f9_r1_v1_wine02 [tactile]: 1 ADC glitch point(s) replaced (max residual 1305.5)
VisTouch_wood_f9_r1_v1_wine03 [tactile]: 1 ADC glitch point(s) replaced (max residual 1523.3)
VisTouch_wood_f9_r1_v1_wine04 [tactile]: 2 ADC glitch point(s) replaced (max residual 1466.5)
VisTouch_wood_f9_r1_v1_wine05 [tactile]: 2 ADC glitch point(s) replaced (max residual 565.7)
VisTouch_wood_f9_r1_v1_wine06 [tactile]: 1 ADC glitch point(s) replaced (max residual 914.0)
VisTouch_wood_f9_r1_v1_wine08 [tactile]: 1 ADC glitch point(s) replaced (max residual 1008.3)
VisTouch_wood_f9_r1_v1_wine09 [tactile]: 3 ADC glitch point(s) replaced (max residual 783.3)
------------------------------------------------------------------------
tactile: 404 file(s) with repairs, 824 point(s) replaced
audio:   18 file(s) with repairs, 18 sample(s) interpolated
all other content is byte-identical to the raw sensor recordings
